// Jest Snapshot v1, https://goo.gl/fbAQLP

exports[`Header component should render correctly 1`] = `
<div
  className="header-details"
>
  <div
    className="row visible-small"
  >
    <div
      className="col-sm-12 no-padding-left"
    >
      <span
        className="acct-status"
        onClick={[MockFunction]}
        onKeyDown={[Function]}
        role="link"
        tabIndex={0}
      >
        
        ACCT OPEN
      </span>
      <span
        className="acct-post-closure-status"
        onClick={[MockFunction]}
        onKeyDown={[Function]}
        role="link"
        tabIndex={0}
      >
        
        ACCT POST CLOSURE
      </span>
      <span
        className="assault-status"
        onClick={[MockFunction]}
        onKeyDown={[Function]}
        role="link"
        tabIndex={0}
      >
        
        STAFF ASSAULTER
      </span>
      <span
        className="arsonist-status"
        onClick={[MockFunction]}
        onKeyDown={[Function]}
        role="link"
        tabIndex={0}
      >
        <img
          alt="Arsonist"
          className="arsonist-adjust"
          src="/img/Arsonist_icon.png"
        />
        ARSONIST
      </span>
      <span
        className="disability-status"
        onClick={[MockFunction]}
        onKeyDown={[Function]}
        role="link"
        tabIndex={0}
      >
        <img
          alt="PEEP"
          className="disability-adjust"
          src="/img/Disability_icon.png"
        />
        PEEP
      </span>
      <span
        className="corruptor-status"
        onClick={[MockFunction]}
        onKeyDown={[Function]}
        role="link"
        tabIndex={0}
      >
        <img
          alt="Corruptor"
          className="corruptor-adjust"
          src="/img/CU_icon.png"
        />
        CORRUPTOR
      </span>
      <span
        className="chemical-attacker-status"
        onClick={[MockFunction]}
        onKeyDown={[Function]}
        role="link"
        tabIndex={0}
      >
        
        CHEMICAL ATTACKER
      </span>
      <span
        className="concerted-indiscipline-status"
        onClick={[MockFunction]}
        onKeyDown={[Function]}
        role="link"
        tabIndex={0}
      >
        
        CONCERTED INDISCIPLINE
      </span>
      <span
        className="racist-status"
        onClick={[MockFunction]}
        onKeyDown={[Function]}
        role="link"
        tabIndex={0}
      >
        
        RACIST
      </span>
      <span
        className="risk-lgbt-status"
        onClick={[MockFunction]}
        onKeyDown={[Function]}
        role="link"
        tabIndex={0}
      >
        
        RISK TO LGBT
      </span>
      <span
        className="hostage-taker-status"
        onClick={[MockFunction]}
        onKeyDown={[Function]}
        role="link"
        tabIndex={0}
      >
        
        HOSTAGE TAKER
      </span>
      <span
        className="controlled-unlock-status"
        onClick={[MockFunction]}
        onKeyDown={[Function]}
        role="link"
        tabIndex={0}
      >
        
        CONTROLLED UNLOCK
      </span>
      <span
        className="gang-member-status"
        onClick={[MockFunction]}
        onKeyDown={[Function]}
        role="link"
        tabIndex={0}
      >
        
        GANG MEMBER
      </span>
      <span
        className="csip-status"
        onClick={[MockFunction]}
        onKeyDown={[Function]}
        role="link"
        tabIndex={0}
      >
        
        CSIP
      </span>
      <span
        className="veteran-status"
        onClick={[MockFunction]}
        onKeyDown={[Function]}
        role="link"
        tabIndex={0}
      >
        
        VETERAN
      </span>
      <span
        className="care-experienced-status"
        onClick={[MockFunction]}
        onKeyDown={[Function]}
        role="link"
        tabIndex={0}
      >
        
        CARE EXPERIENCED
      </span>
    </div>
  </div>
  <div
    className="row"
  >
    <div
      className="col-md-2 col-xs-3 no-left-gutter no-right-gutter"
    >
      <div
        className="photo clickable"
        onClick={[Function]}
        onKeyDown={[Function]}
        role="link"
        tabIndex={0}
      >
        <img
          className="sc-bdVaJa gYHwxf"
          src="/app/images/-11/data"
        />
      </div>
    </div>
    <div
      className="col-xs-9 col-sm-9 col-md-10 col-lg-10 no-left-gutter no-right-gutter add-gutter-bottom-mobile"
    >
      <div
        className="row"
      >
        <div
          className="col-md-12"
        >
          <div
            className="inline-header-large align-alerts"
          >
            <span
              className="acct-status"
              onClick={[MockFunction]}
              onKeyDown={[Function]}
              role="link"
              tabIndex={0}
            >
              
              ACCT OPEN
            </span>
            <span
              className="acct-post-closure-status"
              onClick={[MockFunction]}
              onKeyDown={[Function]}
              role="link"
              tabIndex={0}
            >
              
              ACCT POST CLOSURE
            </span>
            <span
              className="assault-status"
              onClick={[MockFunction]}
              onKeyDown={[Function]}
              role="link"
              tabIndex={0}
            >
              
              STAFF ASSAULTER
            </span>
            <span
              className="arsonist-status"
              onClick={[MockFunction]}
              onKeyDown={[Function]}
              role="link"
              tabIndex={0}
            >
              <img
                alt="Arsonist"
                className="arsonist-adjust"
                src="/img/Arsonist_icon.png"
              />
              ARSONIST
            </span>
            <span
              className="disability-status"
              onClick={[MockFunction]}
              onKeyDown={[Function]}
              role="link"
              tabIndex={0}
            >
              <img
                alt="PEEP"
                className="disability-adjust"
                src="/img/Disability_icon.png"
              />
              PEEP
            </span>
            <span
              className="corruptor-status"
              onClick={[MockFunction]}
              onKeyDown={[Function]}
              role="link"
              tabIndex={0}
            >
              <img
                alt="Corruptor"
                className="corruptor-adjust"
                src="/img/CU_icon.png"
              />
              CORRUPTOR
            </span>
            <span
              className="chemical-attacker-status"
              onClick={[MockFunction]}
              onKeyDown={[Function]}
              role="link"
              tabIndex={0}
            >
              
              CHEMICAL ATTACKER
            </span>
            <span
              className="concerted-indiscipline-status"
              onClick={[MockFunction]}
              onKeyDown={[Function]}
              role="link"
              tabIndex={0}
            >
              
              CONCERTED INDISCIPLINE
            </span>
            <span
              className="racist-status"
              onClick={[MockFunction]}
              onKeyDown={[Function]}
              role="link"
              tabIndex={0}
            >
              
              RACIST
            </span>
            <span
              className="risk-lgbt-status"
              onClick={[MockFunction]}
              onKeyDown={[Function]}
              role="link"
              tabIndex={0}
            >
              
              RISK TO LGBT
            </span>
            <span
              className="hostage-taker-status"
              onClick={[MockFunction]}
              onKeyDown={[Function]}
              role="link"
              tabIndex={0}
            >
              
              HOSTAGE TAKER
            </span>
            <span
              className="controlled-unlock-status"
              onClick={[MockFunction]}
              onKeyDown={[Function]}
              role="link"
              tabIndex={0}
            >
              
              CONTROLLED UNLOCK
            </span>
            <span
              className="gang-member-status"
              onClick={[MockFunction]}
              onKeyDown={[Function]}
              role="link"
              tabIndex={0}
            >
              
              GANG MEMBER
            </span>
            <span
              className="csip-status"
              onClick={[MockFunction]}
              onKeyDown={[Function]}
              role="link"
              tabIndex={0}
            >
              
              CSIP
            </span>
            <span
              className="veteran-status"
              onClick={[MockFunction]}
              onKeyDown={[Function]}
              role="link"
              tabIndex={0}
            >
              
              VETERAN
            </span>
            <span
              className="care-experienced-status"
              onClick={[MockFunction]}
              onKeyDown={[Function]}
              role="link"
              tabIndex={0}
            >
              
              CARE EXPERIENCED
            </span>
          </div>
        </div>
      </div>
      <div
        className="row"
      >
        <div
          className="col-md-3 col-sm-3 col-xs-12"
        >
          <div
            className="row"
          >
            <div
              className="col"
            >
              <span
                className="label"
              >
                Prison number
              </span>
              <strong>
                A1234RT
              </strong>
            </div>
          </div>
          <div
            className="row"
          >
            <div
              className="col"
            >
              <span
                className="label"
              >
                Key worker
              </span>
              <strong>
                <span>
                  -6
                </span>
              </strong>
              <span
                className="label"
              >
                Last session
              </span>
              <strong>
                --
              </strong>
            </div>
          </div>
        </div>
        <div
          className="visible-large"
        >
          <div
            className="middle-section"
          >
            <div
              className="col-xs-4 col-sm-3 visible-large"
            >
              <div
                className="row"
              >
                <div
                  className="col"
                >
                  <span
                    className="label"
                  >
                    Incentive Level
                  </span>
                  <strong>
                    Standard
                  </strong>
                  <div>
                    <a
                      className="link"
                      data-qa="iep-details-link"
                      href="http://prisonstaffhub/offenders/A1234RT/incentive-level-details"
                    >
                      Incentive details
                    </a>
                  </div>
                </div>
              </div>
              <div
                className="row"
              >
                <div
                  className="col"
                >
                  <span
                    className="label"
                  >
                    CSRA
                  </span>
                  <strong>
                    Medium
                  </strong>
                </div>
              </div>
              <div
                className="row"
              >
                <div
                  className="col"
                  data-qa="category"
                >
                  <span
                    className="label"
                  >
                    Category
                  </span>
                  <strong>
                    Cat D
                  </strong>
                  <div>
                    <a
                      className="link"
                      data-qa="categorisation-external-link"
                      href="http://catTool100"
                    >
                      View category
                    </a>
                  </div>
                </div>
              </div>
            </div>
            <div
              className="col-xs-12 visible-small"
            >
              <div
                className="row"
              >
                <div
                  className="col-xs-4 d-inline-block"
                >
                  <span
                    className="label"
                  >
                    Incentive Level
                  </span>
                  <strong>
                    Standard
                  </strong>
                  <div>
                    <a
                      className="link"
                      data-qa="iep-details-link"
                      href="http://prisonstaffhub/offenders/A1234RT/incentive-level-details"
                    >
                      Incentive details
                    </a>
                  </div>
                </div>
                <div
                  className="col-xs-4 d-inline-block"
                >
                  <span
                    className="label"
                  >
                    CSRA
                  </span>
                  <strong>
                    Medium
                  </strong>
                </div>
                <div
                  className="col-xs-4 d-inline-block"
                >
                  <span
                    className="label"
                  >
                    Category
                  </span>
                  <strong>
                    Cat D
                  </strong>
                  <div>
                    <a
                      className="link"
                      data-qa="categorisation-external-link"
                      href="http://catTool100"
                    >
                      View category
                    </a>
                  </div>
                </div>
              </div>
            </div>
            <div
              className="visible-large"
            >
              <div
                className="col-xs-6 col-sm-3"
              >
                <div
                  className="row"
                >
                  <div
                    className="col"
                  >
                    <span
                      className="label"
                    >
                      Alerts
                    </span>
                    <a
                      className="alerts-link"
                      href="/offenders/A1234RT/alerts#tab-content"
                      onClick={[Function]}
                    >
                      <span
                        className="active-alert"
                      >
                        <strong>
                          9
                        </strong>
                        <span>
                           active 
                        </span>
                      </span>
                      <span>
                        <strong
                          className="inactive-alert"
                        >
                          8
                        </strong>
                        <span>
                           inactive 
                        </span>
                      </span>
                    </a>
                  </div>
                </div>
                <div
                  className="row"
                >
                  <div
                    className="col"
                  >
                    <div>
                      <span
                        className="label"
                      >
                        Location
                      </span>
                      <div>
                        <strong>
                          H-1-001
                        </strong>
                      </div>
                      <div>
                        <strong>
                          HLI
                        </strong>
                      </div>
                    </div>
                  </div>
                </div>
              </div>
            </div>
            <div
              className="visible-small"
            >
              <div
                className="col-xs-4"
              >
                <div
                  className="row"
                >
                  <div
                    className="col"
                  >
                    <span
                      className="label"
                    >
                      Alerts
                    </span>
                    <a
                      className="alerts-link"
                      href="/offenders/A1234RT/alerts#tab-content"
                      onClick={[Function]}
                    >
                      <span
                        className="active-alert"
                      >
                        <strong>
                          9
                        </strong>
                        <span>
                           active 
                        </span>
                      </span>
                      <span>
                        <strong
                          className="inactive-alert"
                        >
                          8
                        </strong>
                        <span>
                           inactive 
                        </span>
                      </span>
                    </a>
                  </div>
                </div>
              </div>
              <div
                className="col-xs-4"
              >
                <div
                  className="row"
                >
                  <div
                    className="col"
                  >
                    <div>
                      <span
                        className="label"
                      >
                        Location
                      </span>
                      <div>
                        <strong>
                          H-1-001
                        </strong>
                      </div>
                      <div>
                        <strong>
                          HLI
                        </strong>
                      </div>
                    </div>
                  </div>
                </div>
              </div>
            </div>
            <div
              className="col-xs-12 col-sm-3"
            >
              <div
                className="stacked-links"
              >
                <div>
                  <a
                    className="button-link"
                    href="/offenders/A1234RT/add-case-note"
                    name="add-case-note-link"
                    onClick={[Function]}
                  >
                    Add case note
                  </a>
                </div>
                <div>
                  <a
                    className="button-link"
                    href="http://prisonstaffhub/offenders/A1234RT/add-appointment"
                    name="add-appointment-link"
                  >
                    Add appointment
                  </a>
                </div>
              </div>
            </div>
          </div>
        </div>
      </div>
    </div>
  </div>
  <div
    className="row"
  >
    <div
      className="visible-small"
    >
      <div
        className="middle-section"
      >
        <div
          className="col-xs-4 col-sm-3 visible-large"
        >
          <div
            className="row"
          >
            <div
              className="col"
            >
              <span
                className="label"
              >
                Incentive Level
              </span>
              <strong>
                Standard
              </strong>
              <div>
                <a
                  className="link"
                  data-qa="iep-details-link"
                  href="http://prisonstaffhub/offenders/A1234RT/incentive-level-details"
                >
                  Incentive details
                </a>
              </div>
            </div>
          </div>
          <div
            className="row"
          >
            <div
              className="col"
            >
              <span
                className="label"
              >
                CSRA
              </span>
              <strong>
                Medium
              </strong>
            </div>
          </div>
          <div
            className="row"
          >
            <div
              className="col"
              data-qa="category"
            >
              <span
                className="label"
              >
                Category
              </span>
              <strong>
                Cat D
              </strong>
              <div>
                <a
                  className="link"
                  data-qa="categorisation-external-link"
                  href="http://catTool100"
                >
                  View category
                </a>
              </div>
            </div>
          </div>
        </div>
        <div
          className="col-xs-12 visible-small"
        >
          <div
            className="row"
          >
            <div
              className="col-xs-4 d-inline-block"
            >
              <span
                className="label"
              >
                Incentive Level
              </span>
              <strong>
                Standard
              </strong>
              <div>
                <a
                  className="link"
                  data-qa="iep-details-link"
                  href="http://prisonstaffhub/offenders/A1234RT/incentive-level-details"
                >
                  Incentive details
                </a>
              </div>
            </div>
            <div
              className="col-xs-4 d-inline-block"
            >
              <span
                className="label"
              >
                CSRA
              </span>
              <strong>
                Medium
              </strong>
            </div>
            <div
              className="col-xs-4 d-inline-block"
            >
              <span
                className="label"
              >
                Category
              </span>
              <strong>
                Cat D
              </strong>
              <div>
                <a
                  className="link"
                  data-qa="categorisation-external-link"
                  href="http://catTool100"
                >
                  View category
                </a>
              </div>
            </div>
          </div>
        </div>
        <div
          className="visible-large"
        >
          <div
            className="col-xs-6 col-sm-3"
          >
            <div
              className="row"
            >
              <div
                className="col"
              >
                <span
                  className="label"
                >
                  Alerts
                </span>
                <a
                  className="alerts-link"
                  href="/offenders/A1234RT/alerts#tab-content"
                  onClick={[Function]}
                >
                  <span
                    className="active-alert"
                  >
                    <strong>
                      9
                    </strong>
                    <span>
                       active 
                    </span>
                  </span>
                  <span>
                    <strong
                      className="inactive-alert"
                    >
                      8
                    </strong>
                    <span>
                       inactive 
                    </span>
                  </span>
                </a>
              </div>
            </div>
            <div
              className="row"
            >
              <div
                className="col"
              >
                <div>
                  <span
                    className="label"
                  >
                    Location
                  </span>
                  <div>
                    <strong>
                      H-1-001
                    </strong>
                  </div>
                  <div>
                    <strong>
                      HLI
                    </strong>
                  </div>
                </div>
              </div>
            </div>
          </div>
        </div>
        <div
          className="visible-small"
        >
          <div
            className="col-xs-4"
          >
            <div
              className="row"
            >
              <div
                className="col"
              >
                <span
                  className="label"
                >
                  Alerts
                </span>
                <a
                  className="alerts-link"
                  href="/offenders/A1234RT/alerts#tab-content"
                  onClick={[Function]}
                >
                  <span
                    className="active-alert"
                  >
                    <strong>
                      9
                    </strong>
                    <span>
                       active 
                    </span>
                  </span>
                  <span>
                    <strong
                      className="inactive-alert"
                    >
                      8
                    </strong>
                    <span>
                       inactive 
                    </span>
                  </span>
                </a>
              </div>
            </div>
          </div>
          <div
            className="col-xs-4"
          >
            <div
              className="row"
            >
              <div
                className="col"
              >
                <div>
                  <span
                    className="label"
                  >
                    Location
                  </span>
                  <div>
                    <strong>
                      H-1-001
                    </strong>
                  </div>
                  <div>
                    <strong>
                      HLI
                    </strong>
                  </div>
                </div>
              </div>
            </div>
          </div>
        </div>
        <div
          className="col-xs-12 col-sm-3"
        >
          <div
            className="stacked-links"
          >
            <div>
              <a
                className="button-link"
                href="/offenders/A1234RT/add-case-note"
                name="add-case-note-link"
                onClick={[Function]}
              >
                Add case note
              </a>
            </div>
            <div>
              <a
                className="button-link"
                href="http://prisonstaffhub/offenders/A1234RT/add-appointment"
                name="add-appointment-link"
              >
                Add appointment
              </a>
            </div>
          </div>
        </div>
      </div>
    </div>
  </div>
</div>
`;
